[31, 18, 33, 7, 78, 68, 90, 74, 82, 21, 67, 32, 99, 64, 81, 3, 78, 22, 42]
