[199, 43, 66, 17, 79, 83, 8, 22, 85, 11, 17, 33, 74, 72, 73, 41, 52, 79, 32]
