[9, 12, 7, 34, 6, 90, 98, 58, 3, 91, 10, 87, 39, 41, 90]
