3*3=93*4=123*5=:=)

4*3=124*4=164*5=20

5*3=:=)5*4=205*5=25

