12*12=14412*13=15612*14=168

13*12=15613*13=16913*14=182

14*12=16814*13=18214*14=196

