57*57=324957*58=330657*59=3363

58*57=330658*58=336458*59=3422

59*57=336359*58=342259*59=3481

