что я как будто бы уже сто триллионов миллиардов лет проживаю

