Для перехода к слайду содержания с других слайдов для слова «Содержание» также настраиваем переход к станице или объекту (вспомнив, что для
слайда с содержанием зарезервировано имя «toc»). После этого можно проверить
действие панели навигации в режиме демонстрации.
Итак, в итоге всех трудов получена презентация с навигацией по слайдам, со
ссылками на локальные документы и

