__init__: (11,), {}
add: (9,), {}
31
add: (9,), {'another': 1}
21
