__init__: (10,), {}
__init__: ([4, 2, 6, 9, 1, 3, 3, 7],), {'debug': True}
__str__: (), {}
<<<dumpdump>>> 10 __str__: (), {}
<<<dumpdump>>> [4, 2, 6, 9, 1, 3, 3, 7]
__str__: (), {}
<<<dumpdump>>> [4, 2, 6, 9, 1, 3, 3, 7] __str__: (), {}
<<<dumpdump>>> 10
