Size=10656728, Type=1, Channels=2, Rate=48000, Bits=24, Data size=602
