Size=23306, Type=1, Channels=1, Rate=22050, Bits=16, Data size=23166
