Size=108208, Type=256, Channels=512, Rate=11289600, Bits=4096, Data size=691297
