Size=1702240364, Type=28261, Channels=28515, Rate=1735289188, Bits=8760, Data size=757932348
