[-8898, -7, -2, -1, -1, 0, 0, False, 0, 0, True, 3, 4, 12555, 676767, 1000000000]
