['A', 'B', 'C', 'D', 'E', 'B', 'C', 'D', 'E', 'F', 'C', 'D', 'E', 'F', 'a', 'D', 'E', 'F', 'a', 'b', 'E', 'F', 'a', 'b', 'c', 'F', 'a', 'b', 'c', 'd']
