################
#..............#
#~~~~~~~~~~~~~~#
#~~~~~~~~~~~~~~#
#~~~~~~~~~~~~~~#
################
............                                 12/56
~~~~~~~~~~~~~~~~~~~~~~~~~~~~~~~~~~~~~~~~~~~~ 44/56
