InvalidInput
InvalidInput
InvalidInput
InvalidInput
InvalidInput
InvalidInput
InvalidInput
Not a triangle
3.00
