[0, 0, 0, 0, 1, 1, 1, 2, 22, 23, 23, 23, 23, 24, 25, 33]
